---
source: crates/core/tests/snapshots.rs
expression: value
---
{
  "components": {
    "Accordion": {
      "displayName": "Accordion",
      "filePath": "[ROOT]/fixtures/rdt-compat/discriminated-union.tsx",
      "description": "",
      "props": {
        "collapsible": {
          "name": "collapsible",
          "type": {
            "kind": "boolean"
          },
          "required": false,
          "defaultValue": null,
          "description": "Whether the open item can be collapsed by clicking it again.",
          "tags": {},
          "parent": {
            "name": "AccordionSingleProps",
            "fileName": "[ROOT]/fixtures/rdt-compat/discriminated-union.tsx"
          },
          "declarations": [
            {
              "name": "AccordionSingleProps",
              "fileName": "[ROOT]/fixtures/rdt-compat/discriminated-union.tsx"
            }
          ]
        },
        "defaultValue": {
          "name": "defaultValue",
          "type": {
            "kind": "union",
            "0": [
              {
                "kind": "string"
              },
              {
                "kind": "array",
                "0": {
                  "kind": "string"
                }
              }
            ]
          },
          "required": false,
          "defaultValue": null,
          "description": "The initially open item ID (uncontrolled).",
          "tags": {},
          "parent": {
            "name": "AccordionSingleProps",
            "fileName": "[ROOT]/fixtures/rdt-compat/discriminated-union.tsx"
          },
          "declarations": [
            {
              "name": "AccordionSingleProps",
              "fileName": "[ROOT]/fixtures/rdt-compat/discriminated-union.tsx"
            }
          ]
        },
        "onValueChange": {
          "name": "onValueChange",
          "type": {
            "kind": "union",
            "0": [
              {
                "kind": "eventHandler",
                "eventType": "string"
              },
              {
                "kind": "eventHandler",
                "eventType": "string[]"
              }
            ]
          },
          "required": false,
          "defaultValue": null,
          "description": "Called when the open item changes.",
          "tags": {},
          "parent": {
            "name": "AccordionSingleProps",
            "fileName": "[ROOT]/fixtures/rdt-compat/discriminated-union.tsx"
          },
          "declarations": [
            {
              "name": "AccordionSingleProps",
              "fileName": "[ROOT]/fixtures/rdt-compat/discriminated-union.tsx"
            }
          ]
        },
        "type": {
          "name": "type",
          "type": {
            "kind": "union",
            "members": [
              {
                "kind": "stringLiteral",
                "value": "single"
              },
              {
                "kind": "stringLiteral",
                "value": "multiple"
              }
            ]
          },
          "required": true,
          "defaultValue": null,
          "description": "Selects single-item open mode.",
          "tags": {},
          "parent": {
            "name": "AccordionSingleProps",
            "fileName": "[ROOT]/fixtures/rdt-compat/discriminated-union.tsx"
          },
          "declarations": [
            {
              "name": "AccordionSingleProps",
              "fileName": "[ROOT]/fixtures/rdt-compat/discriminated-union.tsx"
            }
          ]
        },
        "value": {
          "name": "value",
          "type": {
            "kind": "union",
            "0": [
              {
                "kind": "string"
              },
              {
                "kind": "array",
                "0": {
                  "kind": "string"
                }
              }
            ]
          },
          "required": false,
          "defaultValue": null,
          "description": "The controlled open item ID (controlled).",
          "tags": {},
          "parent": {
            "name": "AccordionSingleProps",
            "fileName": "[ROOT]/fixtures/rdt-compat/discriminated-union.tsx"
          },
          "declarations": [
            {
              "name": "AccordionSingleProps",
              "fileName": "[ROOT]/fixtures/rdt-compat/discriminated-union.tsx"
            }
          ]
        }
      },
      "inheritance": [],
      "notableInherited": {},
      "discriminantProp": "type",
      "composes": [],
      "tags": {},
      "methods": []
    },
    "Avatar": {
      "displayName": "Avatar",
      "filePath": "[ROOT]/fixtures/rdt-compat/memo.tsx",
      "description": "",
      "props": {
        "name": {
          "name": "name",
          "type": {
            "kind": "string"
          },
          "required": true,
          "defaultValue": null,
          "description": "The user's display name.",
          "tags": {},
          "parent": {
            "name": "AvatarProps",
            "fileName": "[ROOT]/fixtures/rdt-compat/memo.tsx"
          },
          "declarations": [
            {
              "name": "AvatarProps",
              "fileName": "[ROOT]/fixtures/rdt-compat/memo.tsx"
            }
          ]
        },
        "size": {
          "name": "size",
          "type": {
            "kind": "number"
          },
          "required": false,
          "defaultValue": null,
          "description": "Avatar diameter in pixels. @default 40",
          "tags": {},
          "parent": {
            "name": "AvatarProps",
            "fileName": "[ROOT]/fixtures/rdt-compat/memo.tsx"
          },
          "declarations": [
            {
              "name": "AvatarProps",
              "fileName": "[ROOT]/fixtures/rdt-compat/memo.tsx"
            }
          ]
        },
        "src": {
          "name": "src",
          "type": {
            "kind": "string"
          },
          "required": false,
          "defaultValue": null,
          "description": "URL of the avatar image.",
          "tags": {},
          "parent": {
            "name": "AvatarProps",
            "fileName": "[ROOT]/fixtures/rdt-compat/memo.tsx"
          },
          "declarations": [
            {
              "name": "AvatarProps",
              "fileName": "[ROOT]/fixtures/rdt-compat/memo.tsx"
            }
          ]
        }
      },
      "inheritance": [],
      "notableInherited": {},
      "discriminantProp": null,
      "composes": [],
      "tags": {},
      "methods": []
    },
    "Box": {
      "displayName": "Box",
      "filePath": "[ROOT]/fixtures/rdt-compat/svg-icon.tsx",
      "description": "",
      "props": {
        "padded": {
          "name": "padded",
          "type": {
            "kind": "boolean"
          },
          "required": false,
          "defaultValue": null,
          "description": "Apply padding.",
          "tags": {},
          "parent": {
            "name": "BoxProps",
            "fileName": "[ROOT]/fixtures/rdt-compat/svg-icon.tsx"
          },
          "declarations": [
            {
              "name": "BoxProps",
              "fileName": "[ROOT]/fixtures/rdt-compat/svg-icon.tsx"
            }
          ]
        }
      },
      "inheritance": [
        {
          "typeName": "React.HTMLProps",
          "fileName": "[ROOT]/Users/gabe/Projects/oxc-react-codegen/node_modules/.pnpm/@types+react@19.2.17/node_modules/@types/react/index.d.ts",
          "omitted": [],
          "htmlElement": "div",
          "totalProps": 0
        }
      ],
      "notableInherited": {
        "aria-label": {
          "name": "aria-label",
          "type": {
            "kind": "string"
          },
          "required": false,
          "defaultValue": null,
          "description": "",
          "tags": {},
          "parent": {
            "name": "HTMLHTMLAttributes",
            "fileName": "node_modules/@types/react/index.d.ts"
          },
          "declarations": []
        },
        "className": {
          "name": "className",
          "type": {
            "kind": "string"
          },
          "required": false,
          "defaultValue": null,
          "description": "",
          "tags": {},
          "parent": {
            "name": "HTMLHTMLAttributes",
            "fileName": "node_modules/@types/react/index.d.ts"
          },
          "declarations": []
        },
        "id": {
          "name": "id",
          "type": {
            "kind": "string"
          },
          "required": false,
          "defaultValue": null,
          "description": "",
          "tags": {},
          "parent": {
            "name": "HTMLHTMLAttributes",
            "fileName": "node_modules/@types/react/index.d.ts"
          },
          "declarations": []
        },
        "onBlur": {
          "name": "onBlur",
          "type": {
            "kind": "eventHandler",
            "eventType": "Event"
          },
          "required": false,
          "defaultValue": null,
          "description": "",
          "tags": {},
          "parent": {
            "name": "HTMLHTMLAttributes",
            "fileName": "node_modules/@types/react/index.d.ts"
          },
          "declarations": []
        },
        "onClick": {
          "name": "onClick",
          "type": {
            "kind": "eventHandler",
            "eventType": "Event"
          },
          "required": false,
          "defaultValue": null,
          "description": "",
          "tags": {},
          "parent": {
            "name": "HTMLHTMLAttributes",
            "fileName": "node_modules/@types/react/index.d.ts"
          },
          "declarations": []
        },
        "onFocus": {
          "name": "onFocus",
          "type": {
            "kind": "eventHandler",
            "eventType": "Event"
          },
          "required": false,
          "defaultValue": null,
          "description": "",
          "tags": {},
          "parent": {
            "name": "HTMLHTMLAttributes",
            "fileName": "node_modules/@types/react/index.d.ts"
          },
          "declarations": []
        },
        "style": {
          "name": "style",
          "type": {
            "kind": "cssProperties"
          },
          "required": false,
          "defaultValue": null,
          "description": "",
          "tags": {},
          "parent": {
            "name": "HTMLHTMLAttributes",
            "fileName": "node_modules/@types/react/index.d.ts"
          },
          "declarations": []
        },
        "tabIndex": {
          "name": "tabIndex",
          "type": {
            "kind": "number"
          },
          "required": false,
          "defaultValue": null,
          "description": "",
          "tags": {},
          "parent": {
            "name": "HTMLHTMLAttributes",
            "fileName": "node_modules/@types/react/index.d.ts"
          },
          "declarations": []
        }
      },
      "discriminantProp": null,
      "composes": [],
      "tags": {},
      "methods": []
    },
    "Card": {
      "displayName": "Card",
      "filePath": "[ROOT]/fixtures/rdt-compat/jsdoc.tsx",
      "description": "A card for grouping related content.",
      "props": {
        "header": {
          "name": "header",
          "type": {
            "kind": "reactNode"
          },
          "required": false,
          "defaultValue": null,
          "description": "Header slot content.",
          "tags": {
            "since": "2.0.0"
          },
          "parent": {
            "name": "CardProps",
            "fileName": "[ROOT]/fixtures/rdt-compat/jsdoc.tsx"
          },
          "declarations": [
            {
              "name": "CardProps",
              "fileName": "[ROOT]/fixtures/rdt-compat/jsdoc.tsx"
            }
          ]
        },
        "variant": {
          "name": "variant",
          "type": {
            "kind": "union",
            "members": [
              {
                "kind": "stringLiteral",
                "value": "flat"
              },
              {
                "kind": "stringLiteral",
                "value": "outlined"
              },
              {
                "kind": "stringLiteral",
                "value": "elevated"
              }
            ]
          },
          "required": false,
          "defaultValue": {
            "value": "\"flat\"",
            "computed": false
          },
          "description": "The visual appearance of the card.",
          "tags": {
            "default": "\"flat\"",
            "deprecated": "Use `appearance` instead."
          },
          "parent": {
            "name": "CardProps",
            "fileName": "[ROOT]/fixtures/rdt-compat/jsdoc.tsx"
          },
          "declarations": [
            {
              "name": "CardProps",
              "fileName": "[ROOT]/fixtures/rdt-compat/jsdoc.tsx"
            }
          ]
        }
      },
      "inheritance": [
        {
          "typeName": "React.HTMLAttributes",
          "fileName": "[ROOT]/Users/gabe/Projects/oxc-react-codegen/node_modules/.pnpm/@types+react@19.2.17/node_modules/@types/react/index.d.ts",
          "omitted": [],
          "htmlElement": "div",
          "totalProps": 0
        }
      ],
      "notableInherited": {
        "aria-label": {
          "name": "aria-label",
          "type": {
            "kind": "string"
          },
          "required": false,
          "defaultValue": null,
          "description": "",
          "tags": {},
          "parent": {
            "name": "HTMLHTMLAttributes",
            "fileName": "node_modules/@types/react/index.d.ts"
          },
          "declarations": []
        },
        "className": {
          "name": "className",
          "type": {
            "kind": "string"
          },
          "required": false,
          "defaultValue": null,
          "description": "",
          "tags": {},
          "parent": {
            "name": "HTMLHTMLAttributes",
            "fileName": "node_modules/@types/react/index.d.ts"
          },
          "declarations": []
        },
        "id": {
          "name": "id",
          "type": {
            "kind": "string"
          },
          "required": false,
          "defaultValue": null,
          "description": "",
          "tags": {},
          "parent": {
            "name": "HTMLHTMLAttributes",
            "fileName": "node_modules/@types/react/index.d.ts"
          },
          "declarations": []
        },
        "onBlur": {
          "name": "onBlur",
          "type": {
            "kind": "eventHandler",
            "eventType": "Event"
          },
          "required": false,
          "defaultValue": null,
          "description": "",
          "tags": {},
          "parent": {
            "name": "HTMLHTMLAttributes",
            "fileName": "node_modules/@types/react/index.d.ts"
          },
          "declarations": []
        },
        "onClick": {
          "name": "onClick",
          "type": {
            "kind": "eventHandler",
            "eventType": "Event"
          },
          "required": false,
          "defaultValue": null,
          "description": "",
          "tags": {},
          "parent": {
            "name": "HTMLHTMLAttributes",
            "fileName": "node_modules/@types/react/index.d.ts"
          },
          "declarations": []
        },
        "onFocus": {
          "name": "onFocus",
          "type": {
            "kind": "eventHandler",
            "eventType": "Event"
          },
          "required": false,
          "defaultValue": null,
          "description": "",
          "tags": {},
          "parent": {
            "name": "HTMLHTMLAttributes",
            "fileName": "node_modules/@types/react/index.d.ts"
          },
          "declarations": []
        },
        "style": {
          "name": "style",
          "type": {
            "kind": "cssProperties"
          },
          "required": false,
          "defaultValue": null,
          "description": "",
          "tags": {},
          "parent": {
            "name": "HTMLHTMLAttributes",
            "fileName": "node_modules/@types/react/index.d.ts"
          },
          "declarations": []
        },
        "tabIndex": {
          "name": "tabIndex",
          "type": {
            "kind": "number"
          },
          "required": false,
          "defaultValue": null,
          "description": "",
          "tags": {},
          "parent": {
            "name": "HTMLHTMLAttributes",
            "fileName": "node_modules/@types/react/index.d.ts"
          },
          "declarations": []
        }
      },
      "discriminantProp": null,
      "composes": [],
      "tags": {
        "category": "Layout",
        "see": "https://example.com/components/card",
        "since": "1.0.0"
      },
      "methods": []
    },
    "Chip": {
      "displayName": "Chip",
      "filePath": "[ROOT]/fixtures/rdt-compat/destructured-defaults.tsx",
      "description": "",
      "props": {
        "closable": {
          "name": "closable",
          "type": {
            "kind": "boolean"
          },
          "required": false,
          "defaultValue": {
            "value": "true",
            "computed": false
          },
          "description": "Whether the chip shows a close button.",
          "tags": {},
          "parent": {
            "name": "ChipProps",
            "fileName": "[ROOT]/fixtures/rdt-compat/destructured-defaults.tsx"
          },
          "declarations": [
            {
              "name": "ChipProps",
              "fileName": "[ROOT]/fixtures/rdt-compat/destructured-defaults.tsx"
            }
          ]
        },
        "label": {
          "name": "label",
          "type": {
            "kind": "string"
          },
          "required": true,
          "defaultValue": null,
          "description": "The chip's label text.",
          "tags": {},
          "parent": {
            "name": "ChipProps",
            "fileName": "[ROOT]/fixtures/rdt-compat/destructured-defaults.tsx"
          },
          "declarations": [
            {
              "name": "ChipProps",
              "fileName": "[ROOT]/fixtures/rdt-compat/destructured-defaults.tsx"
            }
          ]
        }
      },
      "inheritance": [],
      "notableInherited": {},
      "discriminantProp": null,
      "composes": [],
      "tags": {},
      "methods": []
    },
    "Icon": {
      "displayName": "Icon",
      "filePath": "[ROOT]/fixtures/rdt-compat/svg-icon.tsx",
      "description": "A generic SVG icon wrapper.",
      "props": {
        "color": {
          "name": "color",
          "type": {
            "kind": "string"
          },
          "required": false,
          "defaultValue": {
            "value": "\"currentColor\"",
            "computed": false
          },
          "description": "Icon color.",
          "tags": {},
          "parent": {
            "name": "IconProps",
            "fileName": "[ROOT]/fixtures/rdt-compat/svg-icon.tsx"
          },
          "declarations": [
            {
              "name": "IconProps",
              "fileName": "[ROOT]/fixtures/rdt-compat/svg-icon.tsx"
            }
          ]
        },
        "size": {
          "name": "size",
          "type": {
            "kind": "number"
          },
          "required": false,
          "defaultValue": {
            "value": "24",
            "computed": false
          },
          "description": "Icon size in pixels.",
          "tags": {},
          "parent": {
            "name": "IconProps",
            "fileName": "[ROOT]/fixtures/rdt-compat/svg-icon.tsx"
          },
          "declarations": [
            {
              "name": "IconProps",
              "fileName": "[ROOT]/fixtures/rdt-compat/svg-icon.tsx"
            }
          ]
        }
      },
      "inheritance": [],
      "notableInherited": {},
      "discriminantProp": null,
      "composes": [
        "React.SVGAttributes"
      ],
      "tags": {},
      "methods": []
    },
    "IconButton": {
      "displayName": "IconButton",
      "filePath": "[ROOT]/fixtures/rdt-compat/pick-source.tsx",
      "description": "",
      "props": {
        "disabled": {
          "name": "disabled",
          "type": {
            "kind": "boolean"
          },
          "required": false,
          "defaultValue": null,
          "description": "Whether the button is disabled.",
          "tags": {},
          "parent": {
            "name": "ButtonBaseProps",
            "fileName": "[ROOT]/fixtures/rdt-compat/pick-source.tsx"
          },
          "declarations": [
            {
              "name": "ButtonBaseProps",
              "fileName": "[ROOT]/fixtures/rdt-compat/pick-source.tsx"
            }
          ]
        },
        "form": {
          "name": "form",
          "type": {
            "kind": "string"
          },
          "required": false,
          "defaultValue": null,
          "description": "Associates the button with a form element.",
          "tags": {},
          "parent": {
            "name": "ButtonBaseProps",
            "fileName": "[ROOT]/fixtures/rdt-compat/pick-source.tsx"
          },
          "declarations": [
            {
              "name": "ButtonBaseProps",
              "fileName": "[ROOT]/fixtures/rdt-compat/pick-source.tsx"
            }
          ]
        },
        "icon": {
          "name": "icon",
          "type": {
            "kind": "reactNode"
          },
          "required": true,
          "defaultValue": null,
          "description": "The icon to display inside the button.",
          "tags": {},
          "parent": {
            "name": "IconButtonProps",
            "fileName": "[ROOT]/fixtures/rdt-compat/pick-source.tsx"
          },
          "declarations": [
            {
              "name": "IconButtonProps",
              "fileName": "[ROOT]/fixtures/rdt-compat/pick-source.tsx"
            }
          ]
        },
        "label": {
          "name": "label",
          "type": {
            "kind": "string"
          },
          "required": true,
          "defaultValue": null,
          "description": "Accessible label for screen readers.",
          "tags": {},
          "parent": {
            "name": "IconButtonProps",
            "fileName": "[ROOT]/fixtures/rdt-compat/pick-source.tsx"
          },
          "declarations": [
            {
              "name": "IconButtonProps",
              "fileName": "[ROOT]/fixtures/rdt-compat/pick-source.tsx"
            }
          ]
        },
        "type": {
          "name": "type",
          "type": {
            "kind": "union",
            "members": [
              {
                "kind": "stringLiteral",
                "value": "button"
              },
              {
                "kind": "stringLiteral",
                "value": "submit"
              },
              {
                "kind": "stringLiteral",
                "value": "reset"
              }
            ]
          },
          "required": false,
          "defaultValue": null,
          "description": "The button's type attribute.",
          "tags": {},
          "parent": {
            "name": "ButtonBaseProps",
            "fileName": "[ROOT]/fixtures/rdt-compat/pick-source.tsx"
          },
          "declarations": [
            {
              "name": "ButtonBaseProps",
              "fileName": "[ROOT]/fixtures/rdt-compat/pick-source.tsx"
            }
          ]
        }
      },
      "inheritance": [],
      "notableInherited": {},
      "discriminantProp": null,
      "composes": [],
      "tags": {},
      "methods": []
    },
    "Select": {
      "displayName": "Select",
      "filePath": "[ROOT]/fixtures/rdt-compat/controlled.tsx",
      "description": "",
      "props": {
        "children": {
          "name": "children",
          "type": {
            "kind": "reactNode"
          },
          "required": false,
          "defaultValue": null,
          "description": "",
          "tags": {},
          "parent": {
            "name": "SelectProps",
            "fileName": "[ROOT]/fixtures/rdt-compat/controlled.tsx"
          },
          "declarations": [
            {
              "name": "SelectProps",
              "fileName": "[ROOT]/fixtures/rdt-compat/controlled.tsx"
            }
          ]
        },
        "defaultOpen": {
          "name": "defaultOpen",
          "type": {
            "kind": "boolean"
          },
          "required": false,
          "defaultValue": null,
          "description": "Initial open state (uncontrolled).",
          "tags": {},
          "parent": {
            "name": "SelectProps",
            "fileName": "[ROOT]/fixtures/rdt-compat/controlled.tsx"
          },
          "declarations": [
            {
              "name": "SelectProps",
              "fileName": "[ROOT]/fixtures/rdt-compat/controlled.tsx"
            }
          ]
        },
        "defaultValue": {
          "name": "defaultValue",
          "type": {
            "kind": "string"
          },
          "required": false,
          "defaultValue": null,
          "description": "Initial selected value (uncontrolled).",
          "tags": {},
          "parent": {
            "name": "SelectProps",
            "fileName": "[ROOT]/fixtures/rdt-compat/controlled.tsx"
          },
          "declarations": [
            {
              "name": "SelectProps",
              "fileName": "[ROOT]/fixtures/rdt-compat/controlled.tsx"
            }
          ]
        },
        "disabled": {
          "name": "disabled",
          "type": {
            "kind": "boolean"
          },
          "required": false,
          "defaultValue": null,
          "description": "Whether the select is disabled.",
          "tags": {},
          "parent": {
            "name": "SelectProps",
            "fileName": "[ROOT]/fixtures/rdt-compat/controlled.tsx"
          },
          "declarations": [
            {
              "name": "SelectProps",
              "fileName": "[ROOT]/fixtures/rdt-compat/controlled.tsx"
            }
          ]
        },
        "onOpenChange": {
          "name": "onOpenChange",
          "type": {
            "kind": "eventHandler",
            "eventType": "boolean"
          },
          "required": false,
          "defaultValue": null,
          "description": "Called when the open state changes. Arrow-function form for comparison.",
          "tags": {},
          "parent": {
            "name": "SelectProps",
            "fileName": "[ROOT]/fixtures/rdt-compat/controlled.tsx"
          },
          "declarations": [
            {
              "name": "SelectProps",
              "fileName": "[ROOT]/fixtures/rdt-compat/controlled.tsx"
            }
          ]
        },
        "onValueChange": {
          "name": "onValueChange",
          "type": {
            "kind": "eventHandler",
            "eventType": "string"
          },
          "required": false,
          "defaultValue": null,
          "description": "Called when the selected value changes. Method-shorthand form.",
          "tags": {},
          "parent": {
            "name": "SelectProps",
            "fileName": "[ROOT]/fixtures/rdt-compat/controlled.tsx"
          },
          "declarations": [
            {
              "name": "SelectProps",
              "fileName": "[ROOT]/fixtures/rdt-compat/controlled.tsx"
            }
          ]
        },
        "open": {
          "name": "open",
          "type": {
            "kind": "boolean"
          },
          "required": false,
          "defaultValue": null,
          "description": "Whether the dropdown is open (controlled).",
          "tags": {},
          "parent": {
            "name": "SelectProps",
            "fileName": "[ROOT]/fixtures/rdt-compat/controlled.tsx"
          },
          "declarations": [
            {
              "name": "SelectProps",
              "fileName": "[ROOT]/fixtures/rdt-compat/controlled.tsx"
            }
          ]
        },
        "value": {
          "name": "value",
          "type": {
            "kind": "string"
          },
          "required": false,
          "defaultValue": null,
          "description": "Currently selected value (controlled).",
          "tags": {},
          "parent": {
            "name": "SelectProps",
            "fileName": "[ROOT]/fixtures/rdt-compat/controlled.tsx"
          },
          "declarations": [
            {
              "name": "SelectProps",
              "fileName": "[ROOT]/fixtures/rdt-compat/controlled.tsx"
            }
          ]
        }
      },
      "inheritance": [],
      "notableInherited": {},
      "discriminantProp": null,
      "composes": [],
      "tags": {},
      "methods": []
    },
    "Toggle": {
      "displayName": "Toggle",
      "filePath": "[ROOT]/fixtures/rdt-compat/destructured-defaults.tsx",
      "description": "",
      "props": {
        "pressed": {
          "name": "pressed",
          "type": {
            "kind": "boolean"
          },
          "required": false,
          "defaultValue": {
            "value": "false",
            "computed": false
          },
          "description": "Whether the toggle is pressed.",
          "tags": {},
          "parent": {
            "name": "ToggleProps",
            "fileName": "[ROOT]/fixtures/rdt-compat/destructured-defaults.tsx"
          },
          "declarations": [
            {
              "name": "ToggleProps",
              "fileName": "[ROOT]/fixtures/rdt-compat/destructured-defaults.tsx"
            }
          ]
        },
        "size": {
          "name": "size",
          "type": {
            "kind": "union",
            "0": [
              {
                "kind": "stringLiteral",
                "0": "sm"
              },
              {
                "kind": "stringLiteral",
                "0": "md"
              },
              {
                "kind": "stringLiteral",
                "0": "lg"
              }
            ]
          },
          "required": false,
          "defaultValue": {
            "value": "\"md\"",
            "computed": false
          },
          "description": "Size variant.",
          "tags": {},
          "parent": {
            "name": "ToggleProps",
            "fileName": "[ROOT]/fixtures/rdt-compat/destructured-defaults.tsx"
          },
          "declarations": [
            {
              "name": "ToggleProps",
              "fileName": "[ROOT]/fixtures/rdt-compat/destructured-defaults.tsx"
            }
          ]
        }
      },
      "inheritance": [],
      "notableInherited": {},
      "discriminantProp": null,
      "composes": [],
      "tags": {},
      "methods": []
    },
    "TypeSampler": {
      "displayName": "TypeSampler",
      "filePath": "[ROOT]/fixtures/rdt-compat/types.tsx",
      "description": "",
      "props": {
        "alwaysEnabled": {
          "name": "alwaysEnabled",
          "type": {
            "kind": "boolLiteral",
            "value": true
          },
          "required": false,
          "defaultValue": null,
          "description": "Standalone boolean literal — exercises `boolLiteral`.",
          "tags": {},
          "parent": {
            "name": "TypeSamplerProps",
            "fileName": "[ROOT]/fixtures/rdt-compat/types.tsx"
          },
          "declarations": [
            {
              "name": "TypeSamplerProps",
              "fileName": "[ROOT]/fixtures/rdt-compat/types.tsx"
            }
          ]
        },
        "buttonProps": {
          "name": "buttonProps",
          "type": {
            "kind": "htmlAttributes",
            "element": "button",
            "omitted": []
          },
          "required": false,
          "defaultValue": null,
          "description": "ComponentPropsWithoutRef<E> as a prop value — exercises `htmlAttributes`.\nDistinct from inheriting ButtonHTMLAttributes at the component level.",
          "tags": {},
          "parent": {
            "name": "TypeSamplerProps",
            "fileName": "[ROOT]/fixtures/rdt-compat/types.tsx"
          },
          "declarations": [
            {
              "name": "TypeSamplerProps",
              "fileName": "[ROOT]/fixtures/rdt-compat/types.tsx"
            }
          ]
        },
        "derived": {
          "name": "derived",
          "type": {
            "kind": "opaque",
            "raw": "string extends \"a\" ? \"yes\" : \"no\"",
            "reason": {
              "type": "conditionalType"
            }
          },
          "required": false,
          "defaultValue": null,
          "description": "Inline conditional type — cannot expand without a type checker → `opaque`\nwith reason `conditionalType`.",
          "tags": {},
          "parent": {
            "name": "TypeSamplerProps",
            "fileName": "[ROOT]/fixtures/rdt-compat/types.tsx"
          },
          "declarations": [
            {
              "name": "TypeSamplerProps",
              "fileName": "[ROOT]/fixtures/rdt-compat/types.tsx"
            }
          ]
        },
        "items": {
          "name": "items",
          "type": {
            "kind": "array",
            "element": {
              "kind": "string"
            }
          },
          "required": true,
          "defaultValue": null,
          "description": "Array written as T[] (not Array<T>) — exercises the `array` PropType kind.",
          "tags": {},
          "parent": {
            "name": "TypeSamplerProps",
            "fileName": "[ROOT]/fixtures/rdt-compat/types.tsx"
          },
          "declarations": [
            {
              "name": "TypeSamplerProps",
              "fileName": "[ROOT]/fixtures/rdt-compat/types.tsx"
            }
          ]
        },
        "nothing": {
          "name": "nothing",
          "type": {
            "kind": "undefined"
          },
          "required": false,
          "defaultValue": null,
          "description": "Explicit undefined — exercises the `undefined` PropType kind.",
          "tags": {},
          "parent": {
            "name": "TypeSamplerProps",
            "fileName": "[ROOT]/fixtures/rdt-compat/types.tsx"
          },
          "declarations": [
            {
              "name": "TypeSamplerProps",
              "fileName": "[ROOT]/fixtures/rdt-compat/types.tsx"
            }
          ]
        },
        "position": {
          "name": "position",
          "type": {
            "kind": "tuple",
            "elements": [
              {
                "kind": "number"
              },
              {
                "kind": "number"
              }
            ]
          },
          "required": true,
          "defaultValue": null,
          "description": "Positional tuple — exercises the `tuple` PropType kind.",
          "tags": {},
          "parent": {
            "name": "TypeSamplerProps",
            "fileName": "[ROOT]/fixtures/rdt-compat/types.tsx"
          },
          "declarations": [
            {
              "name": "TypeSamplerProps",
              "fileName": "[ROOT]/fixtures/rdt-compat/types.tsx"
            }
          ]
        },
        "step": {
          "name": "step",
          "type": {
            "kind": "union",
            "members": [
              {
                "kind": "numberLiteral",
                "value": 1.0
              },
              {
                "kind": "numberLiteral",
                "value": 2.0
              },
              {
                "kind": "numberLiteral",
                "value": 4.0
              },
              {
                "kind": "numberLiteral",
                "value": 8.0
              }
            ]
          },
          "required": true,
          "defaultValue": null,
          "description": "Numeric literals in a union — exercises `numberLiteral`.",
          "tags": {},
          "parent": {
            "name": "TypeSamplerProps",
            "fileName": "[ROOT]/fixtures/rdt-compat/types.tsx"
          },
          "declarations": [
            {
              "name": "TypeSamplerProps",
              "fileName": "[ROOT]/fixtures/rdt-compat/types.tsx"
            }
          ]
        },
        "sx": {
          "name": "sx",
          "type": {
            "kind": "sxProps"
          },
          "required": false,
          "defaultValue": null,
          "description": "Resolved via the SxProps known-pattern shortcut (fires when the name\ncannot be resolved from source imports).",
          "tags": {},
          "parent": {
            "name": "TypeSamplerProps",
            "fileName": "[ROOT]/fixtures/rdt-compat/types.tsx"
          },
          "declarations": [
            {
              "name": "TypeSamplerProps",
              "fileName": "[ROOT]/fixtures/rdt-compat/types.tsx"
            }
          ]
        },
        "tokenStyle": {
          "name": "tokenStyle",
          "type": {
            "kind": "intersection",
            "members": [
              {
                "kind": "cssProperties"
              },
              {
                "kind": "object",
                "fields": [
                  {
                    "name": "--accent",
                    "propType": {
                      "kind": "string"
                    },
                    "required": true,
                    "description": "Inline intersection in a prop value — exercises `intersection`.\nCssProperties resolves to cssProperties; the object literal stays as-is."
                  }
                ]
              }
            ]
          },
          "required": false,
          "defaultValue": null,
          "description": "",
          "tags": {},
          "parent": {
            "name": "TypeSamplerProps",
            "fileName": "[ROOT]/fixtures/rdt-compat/types.tsx"
          },
          "declarations": [
            {
              "name": "TypeSamplerProps",
              "fileName": "[ROOT]/fixtures/rdt-compat/types.tsx"
            }
          ]
        }
      },
      "inheritance": [],
      "notableInherited": {},
      "discriminantProp": null,
      "composes": [],
      "tags": {},
      "methods": []
    }
  },
  "enums": {},
  "diagnostics": [
    {
      "severity": "info",
      "message": "Discriminated union detected with discriminant prop 'type'",
      "file": "[ROOT]/fixtures/rdt-compat/discriminated-union.tsx",
      "line": null,
      "column": null,
      "help": null,
      "code": "DISCRIMINATED_UNION"
    }
  ],
  "stats": {
    "componentsExtracted": 10,
    "componentsSkipped": 0,
    "filesParsed": 8,
    "dtsFilesParsed": 0,
    "dtsCacheHits": 0,
    "durationMs": 0,
    "tier1Count": 0,
    "tier3Count": 0,
    "opaqueCount": 0
  }
}
