---
source: crates/core/tests/snapshots.rs
expression: value
---
{
  "components": {
    "Badge": {
      "displayName": "Badge",
      "filePath": "[ROOT]/fixtures/shadcn/badge.tsx",
      "description": "",
      "props": {
        "variant": {
          "name": "variant",
          "type": {
            "kind": "union",
            "members": [
              {
                "kind": "literalUnion",
                "members": [
                  "default",
                  "secondary",
                  "destructive",
                  "outline"
                ],
                "hasDefault": false
              },
              {
                "kind": "null"
              }
            ]
          },
          "required": false,
          "defaultValue": null,
          "description": "",
          "tags": {},
          "parent": null,
          "declarations": []
        }
      },
      "inheritance": [
        {
          "typeName": "React.HTMLAttributes",
          "fileName": "[ROOT]/node_modules/.pnpm/@types+react@19.2.17/node_modules/@types/react/index.d.ts",
          "omitted": [],
          "htmlElement": "div",
          "totalProps": 0
        }
      ],
      "notableInherited": {
        "aria-label": {
          "name": "aria-label",
          "type": {
            "kind": "string"
          },
          "required": false,
          "defaultValue": null,
          "description": "",
          "tags": {},
          "parent": {
            "name": "HTMLHTMLAttributes",
            "fileName": "node_modules/@types/react/index.d.ts"
          },
          "declarations": []
        },
        "className": {
          "name": "className",
          "type": {
            "kind": "string"
          },
          "required": false,
          "defaultValue": null,
          "description": "",
          "tags": {},
          "parent": {
            "name": "HTMLHTMLAttributes",
            "fileName": "node_modules/@types/react/index.d.ts"
          },
          "declarations": []
        },
        "id": {
          "name": "id",
          "type": {
            "kind": "string"
          },
          "required": false,
          "defaultValue": null,
          "description": "",
          "tags": {},
          "parent": {
            "name": "HTMLHTMLAttributes",
            "fileName": "node_modules/@types/react/index.d.ts"
          },
          "declarations": []
        },
        "onBlur": {
          "name": "onBlur",
          "type": {
            "kind": "eventHandler",
            "eventType": "Event"
          },
          "required": false,
          "defaultValue": null,
          "description": "",
          "tags": {},
          "parent": {
            "name": "HTMLHTMLAttributes",
            "fileName": "node_modules/@types/react/index.d.ts"
          },
          "declarations": []
        },
        "onClick": {
          "name": "onClick",
          "type": {
            "kind": "eventHandler",
            "eventType": "Event"
          },
          "required": false,
          "defaultValue": null,
          "description": "",
          "tags": {},
          "parent": {
            "name": "HTMLHTMLAttributes",
            "fileName": "node_modules/@types/react/index.d.ts"
          },
          "declarations": []
        },
        "onFocus": {
          "name": "onFocus",
          "type": {
            "kind": "eventHandler",
            "eventType": "Event"
          },
          "required": false,
          "defaultValue": null,
          "description": "",
          "tags": {},
          "parent": {
            "name": "HTMLHTMLAttributes",
            "fileName": "node_modules/@types/react/index.d.ts"
          },
          "declarations": []
        },
        "style": {
          "name": "style",
          "type": {
            "kind": "cssProperties"
          },
          "required": false,
          "defaultValue": null,
          "description": "",
          "tags": {},
          "parent": {
            "name": "HTMLHTMLAttributes",
            "fileName": "node_modules/@types/react/index.d.ts"
          },
          "declarations": []
        },
        "tabIndex": {
          "name": "tabIndex",
          "type": {
            "kind": "number"
          },
          "required": false,
          "defaultValue": null,
          "description": "",
          "tags": {},
          "parent": {
            "name": "HTMLHTMLAttributes",
            "fileName": "node_modules/@types/react/index.d.ts"
          },
          "declarations": []
        }
      },
      "discriminantProp": null,
      "composes": [],
      "tags": {},
      "methods": []
    },
    "Button": {
      "displayName": "Button",
      "filePath": "[ROOT]/fixtures/shadcn/button.tsx",
      "description": "",
      "props": {
        "asChild": {
          "name": "asChild",
          "type": {
            "kind": "boolean"
          },
          "required": false,
          "defaultValue": {
            "value": "false",
            "computed": false
          },
          "description": "",
          "tags": {},
          "parent": {
            "name": "ButtonProps",
            "fileName": "[ROOT]/fixtures/shadcn/button.tsx"
          },
          "declarations": [
            {
              "name": "ButtonProps",
              "fileName": "[ROOT]/fixtures/shadcn/button.tsx"
            }
          ]
        },
        "size": {
          "name": "size",
          "type": {
            "kind": "union",
            "members": [
              {
                "kind": "literalUnion",
                "members": [
                  "default",
                  "sm",
                  "lg",
                  "icon"
                ],
                "hasDefault": false
              },
              {
                "kind": "null"
              }
            ]
          },
          "required": false,
          "defaultValue": null,
          "description": "",
          "tags": {},
          "parent": null,
          "declarations": []
        },
        "variant": {
          "name": "variant",
          "type": {
            "kind": "union",
            "members": [
              {
                "kind": "literalUnion",
                "members": [
                  "default",
                  "destructive",
                  "outline",
                  "secondary",
                  "ghost",
                  "link"
                ],
                "hasDefault": false
              },
              {
                "kind": "null"
              }
            ]
          },
          "required": false,
          "defaultValue": null,
          "description": "",
          "tags": {},
          "parent": null,
          "declarations": []
        }
      },
      "inheritance": [
        {
          "typeName": "React.ButtonHTMLAttributes",
          "fileName": "[ROOT]/node_modules/.pnpm/@types+react@19.2.17/node_modules/@types/react/index.d.ts",
          "omitted": [],
          "htmlElement": "button",
          "totalProps": 0
        }
      ],
      "notableInherited": {
        "aria-describedby": {
          "name": "aria-describedby",
          "type": {
            "kind": "string"
          },
          "required": false,
          "defaultValue": null,
          "description": "",
          "tags": {},
          "parent": {
            "name": "ButtonHTMLAttributes",
            "fileName": "node_modules/@types/react/index.d.ts"
          },
          "declarations": []
        },
        "aria-expanded": {
          "name": "aria-expanded",
          "type": {
            "kind": "string"
          },
          "required": false,
          "defaultValue": null,
          "description": "",
          "tags": {},
          "parent": {
            "name": "ButtonHTMLAttributes",
            "fileName": "node_modules/@types/react/index.d.ts"
          },
          "declarations": []
        },
        "aria-haspopup": {
          "name": "aria-haspopup",
          "type": {
            "kind": "string"
          },
          "required": false,
          "defaultValue": null,
          "description": "",
          "tags": {},
          "parent": {
            "name": "ButtonHTMLAttributes",
            "fileName": "node_modules/@types/react/index.d.ts"
          },
          "declarations": []
        },
        "aria-label": {
          "name": "aria-label",
          "type": {
            "kind": "string"
          },
          "required": false,
          "defaultValue": null,
          "description": "",
          "tags": {},
          "parent": {
            "name": "ButtonHTMLAttributes",
            "fileName": "node_modules/@types/react/index.d.ts"
          },
          "declarations": []
        },
        "aria-pressed": {
          "name": "aria-pressed",
          "type": {
            "kind": "string"
          },
          "required": false,
          "defaultValue": null,
          "description": "",
          "tags": {},
          "parent": {
            "name": "ButtonHTMLAttributes",
            "fileName": "node_modules/@types/react/index.d.ts"
          },
          "declarations": []
        },
        "disabled": {
          "name": "disabled",
          "type": {
            "kind": "boolean"
          },
          "required": false,
          "defaultValue": null,
          "description": "",
          "tags": {},
          "parent": {
            "name": "ButtonHTMLAttributes",
            "fileName": "node_modules/@types/react/index.d.ts"
          },
          "declarations": []
        },
        "form": {
          "name": "form",
          "type": {
            "kind": "string"
          },
          "required": false,
          "defaultValue": null,
          "description": "",
          "tags": {},
          "parent": {
            "name": "ButtonHTMLAttributes",
            "fileName": "node_modules/@types/react/index.d.ts"
          },
          "declarations": []
        },
        "name": {
          "name": "name",
          "type": {
            "kind": "string"
          },
          "required": false,
          "defaultValue": null,
          "description": "",
          "tags": {},
          "parent": {
            "name": "ButtonHTMLAttributes",
            "fileName": "node_modules/@types/react/index.d.ts"
          },
          "declarations": []
        },
        "onBlur": {
          "name": "onBlur",
          "type": {
            "kind": "eventHandler",
            "eventType": "Event"
          },
          "required": false,
          "defaultValue": null,
          "description": "",
          "tags": {},
          "parent": {
            "name": "ButtonHTMLAttributes",
            "fileName": "node_modules/@types/react/index.d.ts"
          },
          "declarations": []
        },
        "onClick": {
          "name": "onClick",
          "type": {
            "kind": "eventHandler",
            "eventType": "Event"
          },
          "required": false,
          "defaultValue": null,
          "description": "",
          "tags": {},
          "parent": {
            "name": "ButtonHTMLAttributes",
            "fileName": "node_modules/@types/react/index.d.ts"
          },
          "declarations": []
        },
        "onFocus": {
          "name": "onFocus",
          "type": {
            "kind": "eventHandler",
            "eventType": "Event"
          },
          "required": false,
          "defaultValue": null,
          "description": "",
          "tags": {},
          "parent": {
            "name": "ButtonHTMLAttributes",
            "fileName": "node_modules/@types/react/index.d.ts"
          },
          "declarations": []
        },
        "onKeyDown": {
          "name": "onKeyDown",
          "type": {
            "kind": "eventHandler",
            "eventType": "Event"
          },
          "required": false,
          "defaultValue": null,
          "description": "",
          "tags": {},
          "parent": {
            "name": "ButtonHTMLAttributes",
            "fileName": "node_modules/@types/react/index.d.ts"
          },
          "declarations": []
        },
        "onKeyUp": {
          "name": "onKeyUp",
          "type": {
            "kind": "eventHandler",
            "eventType": "Event"
          },
          "required": false,
          "defaultValue": null,
          "description": "",
          "tags": {},
          "parent": {
            "name": "ButtonHTMLAttributes",
            "fileName": "node_modules/@types/react/index.d.ts"
          },
          "declarations": []
        },
        "tabIndex": {
          "name": "tabIndex",
          "type": {
            "kind": "number"
          },
          "required": false,
          "defaultValue": null,
          "description": "",
          "tags": {},
          "parent": {
            "name": "ButtonHTMLAttributes",
            "fileName": "node_modules/@types/react/index.d.ts"
          },
          "declarations": []
        },
        "type": {
          "name": "type",
          "type": {
            "kind": "string"
          },
          "required": false,
          "defaultValue": null,
          "description": "",
          "tags": {},
          "parent": {
            "name": "ButtonHTMLAttributes",
            "fileName": "node_modules/@types/react/index.d.ts"
          },
          "declarations": []
        },
        "value": {
          "name": "value",
          "type": {
            "kind": "string"
          },
          "required": false,
          "defaultValue": null,
          "description": "",
          "tags": {},
          "parent": {
            "name": "ButtonHTMLAttributes",
            "fileName": "node_modules/@types/react/index.d.ts"
          },
          "declarations": []
        }
      },
      "discriminantProp": null,
      "composes": [],
      "tags": {},
      "methods": []
    },
    "Input": {
      "displayName": "Input",
      "filePath": "[ROOT]/fixtures/shadcn/input.tsx",
      "description": "",
      "props": {},
      "inheritance": [
        {
          "typeName": "React.InputHTMLAttributes",
          "fileName": "[ROOT]/node_modules/.pnpm/@types+react@19.2.17/node_modules/@types/react/index.d.ts",
          "omitted": [],
          "htmlElement": "input",
          "totalProps": 0
        }
      ],
      "notableInherited": {
        "autoComplete": {
          "name": "autoComplete",
          "type": {
            "kind": "string"
          },
          "required": false,
          "defaultValue": null,
          "description": "",
          "tags": {},
          "parent": {
            "name": "InputHTMLAttributes",
            "fileName": "node_modules/@types/react/index.d.ts"
          },
          "declarations": []
        },
        "checked": {
          "name": "checked",
          "type": {
            "kind": "boolean"
          },
          "required": false,
          "defaultValue": null,
          "description": "",
          "tags": {},
          "parent": {
            "name": "InputHTMLAttributes",
            "fileName": "node_modules/@types/react/index.d.ts"
          },
          "declarations": []
        },
        "defaultChecked": {
          "name": "defaultChecked",
          "type": {
            "kind": "string"
          },
          "required": false,
          "defaultValue": null,
          "description": "",
          "tags": {},
          "parent": {
            "name": "InputHTMLAttributes",
            "fileName": "node_modules/@types/react/index.d.ts"
          },
          "declarations": []
        },
        "defaultValue": {
          "name": "defaultValue",
          "type": {
            "kind": "string"
          },
          "required": false,
          "defaultValue": null,
          "description": "",
          "tags": {},
          "parent": {
            "name": "InputHTMLAttributes",
            "fileName": "node_modules/@types/react/index.d.ts"
          },
          "declarations": []
        },
        "disabled": {
          "name": "disabled",
          "type": {
            "kind": "boolean"
          },
          "required": false,
          "defaultValue": null,
          "description": "",
          "tags": {},
          "parent": {
            "name": "InputHTMLAttributes",
            "fileName": "node_modules/@types/react/index.d.ts"
          },
          "declarations": []
        },
        "max": {
          "name": "max",
          "type": {
            "kind": "number"
          },
          "required": false,
          "defaultValue": null,
          "description": "",
          "tags": {},
          "parent": {
            "name": "InputHTMLAttributes",
            "fileName": "node_modules/@types/react/index.d.ts"
          },
          "declarations": []
        },
        "min": {
          "name": "min",
          "type": {
            "kind": "number"
          },
          "required": false,
          "defaultValue": null,
          "description": "",
          "tags": {},
          "parent": {
            "name": "InputHTMLAttributes",
            "fileName": "node_modules/@types/react/index.d.ts"
          },
          "declarations": []
        },
        "name": {
          "name": "name",
          "type": {
            "kind": "string"
          },
          "required": false,
          "defaultValue": null,
          "description": "",
          "tags": {},
          "parent": {
            "name": "InputHTMLAttributes",
            "fileName": "node_modules/@types/react/index.d.ts"
          },
          "declarations": []
        },
        "onBlur": {
          "name": "onBlur",
          "type": {
            "kind": "eventHandler",
            "eventType": "Event"
          },
          "required": false,
          "defaultValue": null,
          "description": "",
          "tags": {},
          "parent": {
            "name": "InputHTMLAttributes",
            "fileName": "node_modules/@types/react/index.d.ts"
          },
          "declarations": []
        },
        "onChange": {
          "name": "onChange",
          "type": {
            "kind": "eventHandler",
            "eventType": "Event"
          },
          "required": false,
          "defaultValue": null,
          "description": "",
          "tags": {},
          "parent": {
            "name": "InputHTMLAttributes",
            "fileName": "node_modules/@types/react/index.d.ts"
          },
          "declarations": []
        },
        "onFocus": {
          "name": "onFocus",
          "type": {
            "kind": "eventHandler",
            "eventType": "Event"
          },
          "required": false,
          "defaultValue": null,
          "description": "",
          "tags": {},
          "parent": {
            "name": "InputHTMLAttributes",
            "fileName": "node_modules/@types/react/index.d.ts"
          },
          "declarations": []
        },
        "onInput": {
          "name": "onInput",
          "type": {
            "kind": "eventHandler",
            "eventType": "Event"
          },
          "required": false,
          "defaultValue": null,
          "description": "",
          "tags": {},
          "parent": {
            "name": "InputHTMLAttributes",
            "fileName": "node_modules/@types/react/index.d.ts"
          },
          "declarations": []
        },
        "pattern": {
          "name": "pattern",
          "type": {
            "kind": "string"
          },
          "required": false,
          "defaultValue": null,
          "description": "",
          "tags": {},
          "parent": {
            "name": "InputHTMLAttributes",
            "fileName": "node_modules/@types/react/index.d.ts"
          },
          "declarations": []
        },
        "placeholder": {
          "name": "placeholder",
          "type": {
            "kind": "string"
          },
          "required": false,
          "defaultValue": null,
          "description": "",
          "tags": {},
          "parent": {
            "name": "InputHTMLAttributes",
            "fileName": "node_modules/@types/react/index.d.ts"
          },
          "declarations": []
        },
        "readOnly": {
          "name": "readOnly",
          "type": {
            "kind": "boolean"
          },
          "required": false,
          "defaultValue": null,
          "description": "",
          "tags": {},
          "parent": {
            "name": "InputHTMLAttributes",
            "fileName": "node_modules/@types/react/index.d.ts"
          },
          "declarations": []
        },
        "required": {
          "name": "required",
          "type": {
            "kind": "boolean"
          },
          "required": false,
          "defaultValue": null,
          "description": "",
          "tags": {},
          "parent": {
            "name": "InputHTMLAttributes",
            "fileName": "node_modules/@types/react/index.d.ts"
          },
          "declarations": []
        },
        "type": {
          "name": "type",
          "type": {
            "kind": "string"
          },
          "required": false,
          "defaultValue": null,
          "description": "",
          "tags": {},
          "parent": {
            "name": "InputHTMLAttributes",
            "fileName": "node_modules/@types/react/index.d.ts"
          },
          "declarations": []
        },
        "value": {
          "name": "value",
          "type": {
            "kind": "string"
          },
          "required": false,
          "defaultValue": null,
          "description": "",
          "tags": {},
          "parent": {
            "name": "InputHTMLAttributes",
            "fileName": "node_modules/@types/react/index.d.ts"
          },
          "declarations": []
        }
      },
      "discriminantProp": null,
      "composes": [],
      "tags": {},
      "methods": []
    }
  },
  "enums": {
    "badgeVariants": [
      {
        "name": "variant",
        "value": "default",
        "description": ""
      },
      {
        "name": "variant",
        "value": "secondary",
        "description": ""
      },
      {
        "name": "variant",
        "value": "destructive",
        "description": ""
      },
      {
        "name": "variant",
        "value": "outline",
        "description": ""
      }
    ],
    "buttonVariants": [
      {
        "name": "variant",
        "value": "default",
        "description": ""
      },
      {
        "name": "variant",
        "value": "destructive",
        "description": ""
      },
      {
        "name": "variant",
        "value": "outline",
        "description": ""
      },
      {
        "name": "variant",
        "value": "secondary",
        "description": ""
      },
      {
        "name": "variant",
        "value": "ghost",
        "description": ""
      },
      {
        "name": "variant",
        "value": "link",
        "description": ""
      },
      {
        "name": "size",
        "value": "default",
        "description": ""
      },
      {
        "name": "size",
        "value": "sm",
        "description": ""
      },
      {
        "name": "size",
        "value": "lg",
        "description": ""
      },
      {
        "name": "size",
        "value": "icon",
        "description": ""
      }
    ]
  },
  "diagnostics": [],
  "stats": {
    "componentsExtracted": 3,
    "componentsSkipped": 0,
    "filesParsed": 3,
    "dtsFilesParsed": 0,
    "dtsCacheHits": 0,
    "durationMs": 0,
    "tier1Count": 0,
    "tier3Count": 0,
    "opaqueCount": 0
  }
}
